[2019-11-21T11:50:07.618+0300][gc,heap] Heap region size: 1M
[2019-11-21T11:50:07.628+0300][gc     ] Using G1
[2019-11-21T11:50:07.628+0300][gc,heap,coops] Heap address: 0x00000007c0000000, size: 1024 MB, Compressed Oops mode: Zero based, Oop shift amount: 3
[2019-11-21T11:50:07.628+0300][gc,cds       ] Mark closed archive regions in map: [0x00000007fff00000, 0x00000007fff76ff8]
[2019-11-21T11:50:07.628+0300][gc,cds       ] Mark open archive regions in map: [0x00000007ffe00000, 0x00000007ffe47ff8]
[2019-11-21T11:50:07.646+0300][gc           ] Periodic GC disabled
[2019-11-21T11:50:10.150+0300][gc,start     ] GC(0) Pause Young (Normal) (G1 Evacuation Pause)
[2019-11-21T11:50:10.151+0300][gc,task      ] GC(0) Using 4 workers of 4 for evacuation
[2019-11-21T11:50:10.168+0300][gc,phases    ] GC(0)   Pre Evacuate Collection Set: 0.3ms
[2019-11-21T11:50:10.168+0300][gc,phases    ] GC(0)   Evacuate Collection Set: 13.7ms
[2019-11-21T11:50:10.168+0300][gc,phases    ] GC(0)   Post Evacuate Collection Set: 1.8ms
[2019-11-21T11:50:10.169+0300][gc,phases    ] GC(0)   Other: 2.3ms
[2019-11-21T11:50:10.169+0300][gc,heap      ] GC(0) Eden regions: 51->0(44)
[2019-11-21T11:50:10.169+0300][gc,heap      ] GC(0) Survivor regions: 0->7(7)
[2019-11-21T11:50:10.169+0300][gc,heap      ] GC(0) Old regions: 0->0
[2019-11-21T11:50:10.169+0300][gc,heap      ] GC(0) Archive regions: 2->2
[2019-11-21T11:50:10.169+0300][gc,heap      ] GC(0) Humongous regions: 0->0
[2019-11-21T11:50:10.169+0300][gc,metaspace ] GC(0) Metaspace: 16244K->16244K(1064960K)
[2019-11-21T11:50:10.169+0300][gc           ] GC(0) Pause Young (Normal) (G1 Evacuation Pause) 51M->7M(1024M) 18.469ms
[2019-11-21T11:50:10.169+0300][gc,cpu       ] GC(0) User=0.03s Sys=0.01s Real=0.01s
[2019-11-21T11:50:11.168+0300][gc,start     ] GC(1) Pause Young (Concurrent Start) (Metadata GC Threshold)
[2019-11-21T11:50:11.168+0300][gc,task      ] GC(1) Using 4 workers of 4 for evacuation
[2019-11-21T11:50:11.194+0300][gc,mmu       ] GC(1) MMU target violated: 21.0ms (20.0ms/21.0ms)
[2019-11-21T11:50:11.194+0300][gc,phases    ] GC(1)   Pre Evacuate Collection Set: 0.1ms
[2019-11-21T11:50:11.194+0300][gc,phases    ] GC(1)   Evacuate Collection Set: 22.9ms
[2019-11-21T11:50:11.194+0300][gc,phases    ] GC(1)   Post Evacuate Collection Set: 0.4ms
[2019-11-21T11:50:11.194+0300][gc,phases    ] GC(1)   Other: 2.9ms
[2019-11-21T11:50:11.194+0300][gc,heap      ] GC(1) Eden regions: 20->0(49)
[2019-11-21T11:50:11.194+0300][gc,heap      ] GC(1) Survivor regions: 7->2(7)
[2019-11-21T11:50:11.194+0300][gc,heap      ] GC(1) Old regions: 0->7
[2019-11-21T11:50:11.194+0300][gc,heap      ] GC(1) Archive regions: 2->2
[2019-11-21T11:50:11.194+0300][gc,heap      ] GC(1) Humongous regions: 129->129
[2019-11-21T11:50:11.194+0300][gc,metaspace ] GC(1) Metaspace: 20549K->20549K(1067008K)
[2019-11-21T11:50:11.194+0300][gc           ] GC(1) Pause Young (Concurrent Start) (Metadata GC Threshold) 156M->137M(1024M) 26.463ms
[2019-11-21T11:50:11.194+0300][gc,cpu       ] GC(1) User=0.04s Sys=0.01s Real=0.03s
[2019-11-21T11:50:11.194+0300][gc           ] GC(2) Concurrent Cycle
[2019-11-21T11:50:11.194+0300][gc,marking   ] GC(2) Concurrent Clear Claimed Marks
[2019-11-21T11:50:11.195+0300][gc,marking   ] GC(2) Concurrent Clear Claimed Marks 0.060ms
[2019-11-21T11:50:11.195+0300][gc,marking   ] GC(2) Concurrent Scan Root Regions
[2019-11-21T11:50:11.199+0300][gc,marking   ] GC(2) Concurrent Scan Root Regions 4.626ms
[2019-11-21T11:50:11.199+0300][gc,marking   ] GC(2) Concurrent Mark (3.589s)
[2019-11-21T11:50:11.199+0300][gc,marking   ] GC(2) Concurrent Mark From Roots
[2019-11-21T11:50:11.199+0300][gc,task      ] GC(2) Using 1 workers of 1 for marking
[2019-11-21T11:50:11.202+0300][gc,marking   ] GC(2) Concurrent Mark From Roots 2.443ms
[2019-11-21T11:50:11.202+0300][gc,marking   ] GC(2) Concurrent Preclean
[2019-11-21T11:50:11.202+0300][gc,marking   ] GC(2) Concurrent Preclean 0.058ms
[2019-11-21T11:50:11.202+0300][gc,marking   ] GC(2) Concurrent Mark (3.589s, 3.592s) 2.606ms
[2019-11-21T11:50:11.202+0300][gc,start     ] GC(2) Pause Remark
[2019-11-21T11:50:11.206+0300][gc           ] GC(2) Pause Remark 137M->137M(1024M) 3.526ms
[2019-11-21T11:50:11.206+0300][gc,cpu       ] GC(2) User=0.01s Sys=0.00s Real=0.00s
[2019-11-21T11:50:11.206+0300][gc,marking   ] GC(2) Concurrent Rebuild Remembered Sets
[2019-11-21T11:50:11.210+0300][gc,marking   ] GC(2) Concurrent Rebuild Remembered Sets 4.007ms
[2019-11-21T11:50:11.211+0300][gc,start     ] GC(2) Pause Cleanup
[2019-11-21T11:50:11.211+0300][gc           ] GC(2) Pause Cleanup 137M->137M(1024M) 0.129ms
[2019-11-21T11:50:11.211+0300][gc,cpu       ] GC(2) User=0.00s Sys=0.00s Real=0.00s
[2019-11-21T11:50:11.211+0300][gc,marking   ] GC(2) Concurrent Cleanup for Next Mark
[2019-11-21T11:50:11.220+0300][gc,marking   ] GC(2) Concurrent Cleanup for Next Mark 8.893ms
[2019-11-21T11:50:11.220+0300][gc           ] GC(2) Concurrent Cycle 25.438ms
[2019-11-21T12:00:36.692+0300][gc,start     ] GC(3) Pause Young (Normal) (G1 Evacuation Pause)
[2019-11-21T12:00:36.694+0300][gc,task      ] GC(3) Using 4 workers of 4 for evacuation
[2019-11-21T12:00:36.714+0300][gc,mmu       ] GC(3) MMU target violated: 20.4ms (20.0ms/21.0ms)
[2019-11-21T12:00:36.714+0300][gc,phases    ] GC(3)   Pre Evacuate Collection Set: 0.1ms
[2019-11-21T12:00:36.714+0300][gc,phases    ] GC(3)   Evacuate Collection Set: 17.8ms
[2019-11-21T12:00:36.714+0300][gc,phases    ] GC(3)   Post Evacuate Collection Set: 0.5ms
[2019-11-21T12:00:36.714+0300][gc,phases    ] GC(3)   Other: 3.6ms
[2019-11-21T12:00:36.714+0300][gc,heap      ] GC(3) Eden regions: 49->0(46)
[2019-11-21T12:00:36.714+0300][gc,heap      ] GC(3) Survivor regions: 2->5(7)
[2019-11-21T12:00:36.714+0300][gc,heap      ] GC(3) Old regions: 7->7
[2019-11-21T12:00:36.714+0300][gc,heap      ] GC(3) Archive regions: 2->2
[2019-11-21T12:00:36.714+0300][gc,heap      ] GC(3) Humongous regions: 129->129
[2019-11-21T12:00:36.714+0300][gc,metaspace ] GC(3) Metaspace: 28995K->28995K(1075200K)
[2019-11-21T12:00:36.715+0300][gc           ] GC(3) Pause Young (Normal) (G1 Evacuation Pause) 186M->140M(1024M) 22.095ms
[2019-11-21T12:00:36.715+0300][gc,cpu       ] GC(3) User=0.04s Sys=0.03s Real=0.02s
[2019-11-21T13:37:40.114+0300][gc,heap,exit ] Heap
[2019-11-21T13:37:40.115+0300][gc,heap,exit ]  garbage-first heap   total 1048576K, used 152131K [0x00000007c0000000, 0x0000000800000000)
[2019-11-21T13:37:40.115+0300][gc,heap,exit ]   region size 1024K, 14 young (14336K), 5 survivors (5120K)
[2019-11-21T13:37:40.115+0300][gc,heap,exit ]  Metaspace       used 29285K, capacity 30532K, committed 30640K, reserved 1075200K
[2019-11-21T13:37:40.115+0300][gc,heap,exit ]   class space    used 4005K, capacity 4597K, committed 4608K, reserved 1048576K
