[2019-11-21T11:49:08.893+0300][gc,heap] Heap region size: 1M
[2019-11-21T11:49:08.903+0300][gc     ] Using G1
[2019-11-21T11:49:08.903+0300][gc,heap,coops] Heap address: 0x00000007c0000000, size: 1024 MB, Compressed Oops mode: Zero based, Oop shift amount: 3
[2019-11-21T11:49:08.904+0300][gc,cds       ] Mark closed archive regions in map: [0x00000007fff00000, 0x00000007fff76ff8]
[2019-11-21T11:49:08.904+0300][gc,cds       ] Mark open archive regions in map: [0x00000007ffe00000, 0x00000007ffe47ff8]
[2019-11-21T11:49:08.920+0300][gc           ] Periodic GC disabled
[2019-11-21T11:49:09.791+0300][gc,heap,exit ] Heap
[2019-11-21T11:49:09.791+0300][gc,heap,exit ]  garbage-first heap   total 1048576K, used 26364K [0x00000007c0000000, 0x0000000800000000)
[2019-11-21T11:49:09.791+0300][gc,heap,exit ]   region size 1024K, 26 young (26624K), 0 survivors (0K)
[2019-11-21T11:49:09.791+0300][gc,heap,exit ]  Metaspace       used 9041K, capacity 9270K, committed 9600K, reserved 1056768K
[2019-11-21T11:49:09.791+0300][gc,heap,exit ]   class space    used 1210K, capacity 1287K, committed 1408K, reserved 1048576K
