[2019-11-21T11:19:38.489+0300][gc,heap] Heap region size: 1M
[2019-11-21T11:19:38.507+0300][gc     ] Using G1
[2019-11-21T11:19:38.507+0300][gc,heap,coops] Heap address: 0x00000007c0000000, size: 1024 MB, Compressed Oops mode: Zero based, Oop shift amount: 3
[2019-11-21T11:19:38.508+0300][gc,cds       ] Mark closed archive regions in map: [0x00000007fff00000, 0x00000007fff76ff8]
[2019-11-21T11:19:38.508+0300][gc,cds       ] Mark open archive regions in map: [0x00000007ffe00000, 0x00000007ffe47ff8]
[2019-11-21T11:19:38.537+0300][gc           ] Periodic GC disabled
[2019-11-21T11:19:48.826+0300][gc,heap,exit ] Heap
[2019-11-21T11:19:48.826+0300][gc,heap,exit ]  garbage-first heap   total 1048576K, used 44796K [0x00000007c0000000, 0x0000000800000000)
[2019-11-21T11:19:48.827+0300][gc,heap,exit ]   region size 1024K, 44 young (45056K), 0 survivors (0K)
[2019-11-21T11:19:48.827+0300][gc,heap,exit ]  Metaspace       used 13790K, capacity 14203K, committed 14464K, reserved 1060864K
[2019-11-21T11:19:48.827+0300][gc,heap,exit ]   class space    used 1948K, capacity 2141K, committed 2176K, reserved 1048576K
