[2019-11-21T11:46:25.377+0300][gc,heap] Heap region size: 1M
[2019-11-21T11:46:25.382+0300][gc     ] Using G1
[2019-11-21T11:46:25.382+0300][gc,heap,coops] Heap address: 0x00000007e0000000, size: 512 MB, Compressed Oops mode: Zero based, Oop shift amount: 3
[2019-11-21T11:46:25.383+0300][gc,cds       ] Mark closed archive regions in map: [0x00000007fff00000, 0x00000007fff76ff8]
[2019-11-21T11:46:25.383+0300][gc,cds       ] Mark open archive regions in map: [0x00000007ffe00000, 0x00000007ffe47ff8]
[2019-11-21T11:46:25.400+0300][gc           ] Periodic GC disabled
[2019-11-21T11:46:25.904+0300][gc,heap,exit ] Heap
[2019-11-21T11:46:25.904+0300][gc,heap,exit ]  garbage-first heap   total 524288K, used 14076K [0x00000007e0000000, 0x0000000800000000)
[2019-11-21T11:46:25.904+0300][gc,heap,exit ]   region size 1024K, 14 young (14336K), 0 survivors (0K)
[2019-11-21T11:46:25.904+0300][gc,heap,exit ]  Metaspace       used 5474K, capacity 5735K, committed 5888K, reserved 1056768K
[2019-11-21T11:46:25.904+0300][gc,heap,exit ]   class space    used 631K, capacity 726K, committed 768K, reserved 1048576K
