[2019-11-21T11:47:32.691+0300][gc,heap] Heap region size: 1M
[2019-11-21T11:47:32.697+0300][gc     ] Using G1
[2019-11-21T11:47:32.697+0300][gc,heap,coops] Heap address: 0x00000007e0000000, size: 512 MB, Compressed Oops mode: Zero based, Oop shift amount: 3
[2019-11-21T11:47:32.698+0300][gc,cds       ] Mark closed archive regions in map: [0x00000007fff00000, 0x00000007fff76ff8]
[2019-11-21T11:47:32.698+0300][gc,cds       ] Mark open archive regions in map: [0x00000007ffe00000, 0x00000007ffe47ff8]
[2019-11-21T11:47:32.715+0300][gc           ] Periodic GC disabled
[2019-11-21T13:38:21.880+0300][gc,heap,exit ] Heap
[2019-11-21T13:38:21.881+0300][gc,heap,exit ]  garbage-first heap   total 524288K, used 24316K [0x00000007e0000000, 0x0000000800000000)
[2019-11-21T13:38:21.881+0300][gc,heap,exit ]   region size 1024K, 24 young (24576K), 0 survivors (0K)
[2019-11-21T13:38:21.881+0300][gc,heap,exit ]  Metaspace       used 7430K, capacity 7746K, committed 7936K, reserved 1056768K
[2019-11-21T13:38:21.882+0300][gc,heap,exit ]   class space    used 814K, capacity 927K, committed 1024K, reserved 1048576K
